// Jest Snapshot v1, https://goo.gl/fbAQLP

exports[`Calculator component renders correctly 1`] = `
<div>
  <div
    class="calculatorCont white"
  >
    <h2
      class="calculatorText"
    >
      Let's do some math!
    </h2>
    <div
      class="calculator-grid"
    >
      <input
        class="output"
        dir="rtl"
        placeholder="0"
      />
      <button
        type="button"
      >
        AC
      </button>
      <button
        type="button"
      >
        +/-
      </button>
      <button
        type="button"
      >
        %
      </button>
      <button
        class="orange"
        type="button"
      >
        รท
      </button>
      <button
        type="button"
      >
        7
      </button>
      <button
        type="button"
      >
        8
      </button>
      <button
        type="button"
      >
        9
      </button>
      <button
        class="orange"
        type="button"
      >
        x
      </button>
      <button
        type="button"
      >
        4
      </button>
      <button
        type="button"
      >
        5
      </button>
      <button
        type="button"
      >
        6
      </button>
      <button
        class="orange"
        type="button"
      >
        -
      </button>
      <button
        type="button"
      >
        1
      </button>
      <button
        type="button"
      >
        2
      </button>
      <button
        type="button"
      >
        3
      </button>
      <button
        class="orange"
        type="button"
      >
        +
      </button>
      <button
        class="two-spaces"
        type="button"
      >
        0
      </button>
      <button
        type="button"
      >
        .
      </button>
      <button
        class="orange"
        type="button"
      >
        =
      </button>
    </div>
  </div>
</div>
`;

exports[`Calculator component should render Calculator component correctly 1`] = `
<div>
  <div
    class="calculatorCont white"
  >
    <h2
      class="calculatorText"
    >
      Let's do some math!
    </h2>
    <div
      class="calculator-grid"
    >
      <input
        class="output"
        dir="rtl"
        placeholder="0"
      />
      <button
        type="button"
      >
        AC
      </button>
      <button
        type="button"
      >
        +/-
      </button>
      <button
        type="button"
      >
        %
      </button>
      <button
        class="orange"
        type="button"
      >
        รท
      </button>
      <button
        type="button"
      >
        7
      </button>
      <button
        type="button"
      >
        8
      </button>
      <button
        type="button"
      >
        9
      </button>
      <button
        class="orange"
        type="button"
      >
        x
      </button>
      <button
        type="button"
      >
        4
      </button>
      <button
        type="button"
      >
        5
      </button>
      <button
        type="button"
      >
        6
      </button>
      <button
        class="orange"
        type="button"
      >
        -
      </button>
      <button
        type="button"
      >
        1
      </button>
      <button
        type="button"
      >
        2
      </button>
      <button
        type="button"
      >
        3
      </button>
      <button
        class="orange"
        type="button"
      >
        +
      </button>
      <button
        class="two-spaces"
        type="button"
      >
        0
      </button>
      <button
        type="button"
      >
        .
      </button>
      <button
        class="orange"
        type="button"
      >
        =
      </button>
    </div>
  </div>
</div>
`;
