// Jest Snapshot v1, https://goo.gl/fbAQLP

exports[`Quotes should render correctly 1`] = `
<div>
  <div
    class="quotes-container"
  >
    <p
      class="loading"
    />
  </div>
</div>
`;
